#
# There is insufficient memory for the Java Runtime Environment to continue.
# Native memory allocation (malloc) failed to allocate 1119376 bytes for Chunk::new
# Possible reasons:
#   The system is out of physical RAM or swap space
#   The process is running with CompressedOops enabled, and the Java Heap may be blocking the growth of the native heap
# Possible solutions:
#   Reduce memory load on the system
#   Increase physical memory or swap space
#   Check if swap backing store is full
#   Decrease Java heap size (-Xmx/-Xms)
#   Decrease number of Java threads
#   Decrease Java thread stack sizes (-Xss)
#   Set larger code cache with -XX:ReservedCodeCacheSize=
#   JVM is running with Zero Based Compressed Oops mode in which the Java heap is
#     placed in the first 32GB address space. The Java Heap base address is the
#     maximum limit for the native heap growth. Please use -XX:HeapBaseMinAddress
#     to set the Java Heap base and to place the Java Heap above 32GB virtual address.
# This output file may be truncated or incomplete.
#
#  Out of Memory Error (arena.cpp:168), pid=8712, tid=1404
#
# JRE version: Java(TM) SE Runtime Environment (21.0.10+8) (build 21.0.10+8-LTS-217)
# Java VM: Java HotSpot(TM) 64-Bit Server VM (21.0.10+8-LTS-217, mixed mode, sharing, tiered, compressed oops, compressed class ptrs, g1 gc, windows-amd64)
# No core dump will be written. Minidumps are not enabled by default on client versions of Windows
#

---------------  S U M M A R Y ------------

Command Line: -Dclassworlds.conf=C:\maven\bin\m2.conf -Dmaven.home=C:\maven -Dlibrary.jansi.path=C:\maven\lib\jansi-native -Dmaven.multiModuleProjectDirectory=C:\Users\celio\Desktop\Scania-DevOps\agro-sensores org.codehaus.plexus.classworlds.launcher.Launcher clean package -DskipTests

Host: AMD Ryzen 7 3700U with Radeon Vega Mobile Gfx  , 8 cores, 13G,  Windows 11 , 64 bit Build 26100 (10.0.26100.8328)
Time: Wed May 13 17:39:12 2026 Hora oficial do Brasil elapsed time: 24.519393 seconds (0d 0h 0m 24s)

---------------  T H R E A D  ---------------

Current thread (0x0000028c6ec6afe0):  JavaThread "C2 CompilerThread1" daemon [_thread_in_native, id=1404, stack(0x000000d654a00000,0x000000d654b00000) (1024K)]


Current CompileTask:
C2:  24519 9611   !   4       com.google.inject.spi.InjectionPoint::getInjectionPoints (491 bytes)

Stack: [0x000000d654a00000,0x000000d654b00000]
Native frames: (J=compiled Java code, j=interpreted, Vv=VM code, C=native code)
V  [jvm.dll+0x6d0b59]
V  [jvm.dll+0x85fd56]
V  [jvm.dll+0x86224e]
V  [jvm.dll+0x862923]
V  [jvm.dll+0x282a16]
V  [jvm.dll+0xc662d]
V  [jvm.dll+0xc6b71]
V  [jvm.dll+0x3bbb21]
V  [jvm.dll+0x1e36e2]
V  [jvm.dll+0x24b4c3]
V  [jvm.dll+0x24a94f]
V  [jvm.dll+0x1cacfe]
V  [jvm.dll+0x25a629]
V  [jvm.dll+0x258bb5]
V  [jvm.dll+0x3f4da1]
V  [jvm.dll+0x80a83d]
V  [jvm.dll+0x6cf3fd]
C  [ucrtbase.dll+0x37b0]
C  [KERNEL32.DLL+0x2e957]
C  [ntdll.dll+0x427c]


---------------  P R O C E S S  ---------------

Threads class SMR info:
_java_thread_list=0x0000028c77a8dbb0, length=13, elements={
0x0000028c4e0a18c0, 0x0000028c6ec450a0, 0x0000028c6ec46b10, 0x0000028c6ec4bf30,
0x0000028c6ec4dd30, 0x0000028c6ec501d0, 0x0000028c6ec513d0, 0x0000028c6ec59610,
0x0000028c6ec6c450, 0x0000028c73157d70, 0x0000028c7315a9c0, 0x0000028c74681500,
0x0000028c6ec6afe0
}

Java Threads: ( => current thread )
  0x0000028c4e0a18c0 JavaThread "main"                              [_thread_in_native, id=5636, stack(0x000000d653800000,0x000000d653900000) (1024K)]
  0x0000028c6ec450a0 JavaThread "Reference Handler"          daemon [_thread_blocked, id=19520, stack(0x000000d654000000,0x000000d654100000) (1024K)]
  0x0000028c6ec46b10 JavaThread "Finalizer"                  daemon [_thread_blocked, id=20052, stack(0x000000d654100000,0x000000d654200000) (1024K)]
  0x0000028c6ec4bf30 JavaThread "Signal Dispatcher"          daemon [_thread_blocked, id=2616, stack(0x000000d654200000,0x000000d654300000) (1024K)]
  0x0000028c6ec4dd30 JavaThread "Attach Listener"            daemon [_thread_blocked, id=13172, stack(0x000000d654300000,0x000000d654400000) (1024K)]
  0x0000028c6ec501d0 JavaThread "Service Thread"             daemon [_thread_blocked, id=9916, stack(0x000000d654400000,0x000000d654500000) (1024K)]
  0x0000028c6ec513d0 JavaThread "Monitor Deflation Thread"   daemon [_thread_blocked, id=19872, stack(0x000000d654500000,0x000000d654600000) (1024K)]
  0x0000028c6ec59610 JavaThread "C2 CompilerThread0"         daemon [_thread_in_native, id=7576, stack(0x000000d654600000,0x000000d654700000) (1024K)]
  0x0000028c6ec6c450 JavaThread "C1 CompilerThread0"         daemon [_thread_blocked, id=14852, stack(0x000000d654700000,0x000000d654800000) (1024K)]
  0x0000028c73157d70 JavaThread "Notification Thread"        daemon [_thread_blocked, id=20408, stack(0x000000d654800000,0x000000d654900000) (1024K)]
  0x0000028c7315a9c0 JavaThread "Common-Cleaner"             daemon [_thread_blocked, id=19440, stack(0x000000d654900000,0x000000d654a00000) (1024K)]
  0x0000028c74681500 JavaThread "Thread-1"                   daemon [_thread_blocked, id=2620, stack(0x000000d654b00000,0x000000d654c00000) (1024K)]
=>0x0000028c6ec6afe0 JavaThread "C2 CompilerThread1"         daemon [_thread_in_native, id=1404, stack(0x000000d654a00000,0x000000d654b00000) (1024K)]
Total: 13

Other Threads:
  0x0000028c6ec2acf0 VMThread "VM Thread"                           [id=14424, stack(0x000000d653f00000,0x000000d654000000) (1024K)]
  0x0000028c6ec18ba0 WatcherThread "VM Periodic Task Thread"        [id=20252, stack(0x000000d653e00000,0x000000d653f00000) (1024K)]
  0x0000028c504b3fe0 WorkerThread "GC Thread#0"                     [id=18056, stack(0x000000d653900000,0x000000d653a00000) (1024K)]
  0x0000028c73bfe4d0 WorkerThread "GC Thread#1"                     [id=13192, stack(0x000000d654c00000,0x000000d654d00000) (1024K)]
  0x0000028c73fbdcd0 WorkerThread "GC Thread#2"                     [id=15356, stack(0x000000d654d00000,0x000000d654e00000) (1024K)]
  0x0000028c73fbe080 WorkerThread "GC Thread#3"                     [id=5984, stack(0x000000d654e00000,0x000000d654f00000) (1024K)]
  0x0000028c743054b0 WorkerThread "GC Thread#4"                     [id=20248, stack(0x000000d654f00000,0x000000d655000000) (1024K)]
  0x0000028c730c1e30 WorkerThread "GC Thread#5"                     [id=20332, stack(0x000000d655000000,0x000000d655100000) (1024K)]
  0x0000028c730c21e0 WorkerThread "GC Thread#6"                     [id=8832, stack(0x000000d655100000,0x000000d655200000) (1024K)]
  0x0000028c730c45a0 WorkerThread "GC Thread#7"                     [id=8532, stack(0x000000d655200000,0x000000d655300000) (1024K)]
  0x0000028c504c6d50 ConcurrentGCThread "G1 Main Marker"            [id=8584, stack(0x000000d653a00000,0x000000d653b00000) (1024K)]
  0x0000028c504c7860 WorkerThread "G1 Conc#0"                       [id=14452, stack(0x000000d653b00000,0x000000d653c00000) (1024K)]
  0x0000028c743d2aa0 WorkerThread "G1 Conc#1"                       [id=17956, stack(0x000000d655300000,0x000000d655400000) (1024K)]
  0x0000028c6eae8a70 ConcurrentGCThread "G1 Refine#0"               [id=5164, stack(0x000000d653c00000,0x000000d653d00000) (1024K)]
  0x0000028c6eae9500 ConcurrentGCThread "G1 Service"                [id=19660, stack(0x000000d653d00000,0x000000d653e00000) (1024K)]
Total: 15

Threads with active compile tasks:
C2 CompilerThread0    24555 9984       4       sun.nio.cs.StreamDecoder::lockedRead (189 bytes)
C2 CompilerThread1    24555 9611   !   4       com.google.inject.spi.InjectionPoint::getInjectionPoints (491 bytes)
Total: 2

VM state: not at safepoint (normal execution)

VM Mutex/Monitor currently owned by a thread: None

Heap address: 0x0000000720c00000, size: 3572 MB, Compressed Oops mode: Zero based, Oop shift amount: 3

CDS archive(s) mapped at: [0x0000028c00000000-0x0000028c00c90000-0x0000028c00c90000), size 13172736, SharedBaseAddress: 0x0000028c00000000, ArchiveRelocationMode: 1.
Compressed class space mapped at: 0x0000028c01000000-0x0000028c41000000, reserved size: 1073741824
Narrow klass base: 0x0000028c00000000, Narrow klass shift: 0, Narrow klass range: 0x100000000

GC Precious Log:
 CardTable entry size: 512
 Card Set container configuration: InlinePtr #cards 4 size 8 Array Of Cards #cards 16 size 48 Howl #buckets 8 coarsen threshold 3686 Howl Bitmap #cards 512 size 80 coarsen threshold 460 Card regions per heap region 1 cards per card region 4096
 CPUs: 8 total, 8 available
 Memory: 14280M
 Large Page Support: Disabled
 NUMA Support: Disabled
 Compressed Oops: Enabled (Zero based)
 Heap Region Size: 2M
 Heap Min Capacity: 8M
 Heap Initial Capacity: 224M
 Heap Max Capacity: 3572M
 Pre-touch: Disabled
 Parallel Workers: 8
 Concurrent Workers: 2
 Concurrent Refinement Workers: 8
 Periodic GC: Disabled

Heap:
 garbage-first heap   total 182272K, used 157782K [0x0000000720c00000, 0x0000000800000000)
  region size 2048K, 31 young (63488K), 2 survivors (4096K)
 Metaspace       used 37615K, committed 38272K, reserved 1114112K
  class space    used 4192K, committed 4480K, reserved 1048576K

Heap Regions: E=young(eden), S=young(survivor), O=old, HS=humongous(starts), HC=humongous(continues), CS=collection set, F=free, TAMS=top-at-mark-start, PB=parsable bottom
|   0|0x0000000720c00000, 0x0000000720e00000, 0x0000000720e00000|100%| O|  |TAMS 0x0000000720c00000| PB 0x0000000720c00000| Untracked 
|   1|0x0000000720e00000, 0x0000000721000000, 0x0000000721000000|100%| O|  |TAMS 0x0000000720e00000| PB 0x0000000720e00000| Untracked 
|   2|0x0000000721000000, 0x0000000721200000, 0x0000000721200000|100%| O|  |TAMS 0x0000000721000000| PB 0x0000000721000000| Untracked 
|   3|0x0000000721200000, 0x0000000721400000, 0x0000000721400000|100%| O|Cm|TAMS 0x0000000721200000| PB 0x0000000721200000| Complete 
|   4|0x0000000721400000, 0x0000000721600000, 0x0000000721600000|100%|HS|  |TAMS 0x0000000721400000| PB 0x0000000721400000| Complete 
|   5|0x0000000721600000, 0x0000000721800000, 0x0000000721800000|100%|HC|  |TAMS 0x0000000721600000| PB 0x0000000721600000| Complete 
|   6|0x0000000721800000, 0x0000000721a00000, 0x0000000721a00000|100%| O|  |TAMS 0x0000000721800000| PB 0x0000000721800000| Untracked 
|   7|0x0000000721a00000, 0x0000000721c00000, 0x0000000721c00000|100%| O|  |TAMS 0x0000000721a00000| PB 0x0000000721a00000| Untracked 
|   8|0x0000000721c00000, 0x0000000721e00000, 0x0000000721e00000|100%| O|  |TAMS 0x0000000721c00000| PB 0x0000000721c00000| Untracked 
|   9|0x0000000721e00000, 0x0000000722000000, 0x0000000722000000|100%| O|  |TAMS 0x0000000721e00000| PB 0x0000000721e00000| Untracked 
|  10|0x0000000722000000, 0x0000000722200000, 0x0000000722200000|100%| O|  |TAMS 0x0000000722000000| PB 0x0000000722000000| Untracked 
|  11|0x0000000722200000, 0x0000000722400000, 0x0000000722400000|100%| O|  |TAMS 0x0000000722200000| PB 0x0000000722200000| Untracked 
|  12|0x0000000722400000, 0x0000000722600000, 0x0000000722600000|100%| O|Cm|TAMS 0x0000000722400000| PB 0x0000000722400000| Complete 
|  13|0x0000000722600000, 0x0000000722800000, 0x0000000722800000|100%| O|  |TAMS 0x0000000722600000| PB 0x0000000722600000| Untracked 
|  14|0x0000000722800000, 0x0000000722a00000, 0x0000000722a00000|100%| O|  |TAMS 0x0000000722800000| PB 0x0000000722800000| Untracked 
|  15|0x0000000722a00000, 0x0000000722c00000, 0x0000000722c00000|100%| O|  |TAMS 0x0000000722a00000| PB 0x0000000722a00000| Untracked 
|  16|0x0000000722c00000, 0x0000000722e00000, 0x0000000722e00000|100%| O|  |TAMS 0x0000000722c00000| PB 0x0000000722c00000| Untracked 
|  17|0x0000000722e00000, 0x0000000723000000, 0x0000000723000000|100%| O|  |TAMS 0x0000000722e00000| PB 0x0000000722e00000| Untracked 
|  18|0x0000000723000000, 0x0000000723200000, 0x0000000723200000|100%| O|  |TAMS 0x0000000723000000| PB 0x0000000723000000| Untracked 
|  19|0x0000000723200000, 0x0000000723400000, 0x0000000723400000|100%| O|Cm|TAMS 0x0000000723200000| PB 0x0000000723200000| Complete 
|  20|0x0000000723400000, 0x0000000723600000, 0x0000000723600000|100%|HS|  |TAMS 0x0000000723400000| PB 0x0000000723400000| Complete 
|  21|0x0000000723600000, 0x0000000723800000, 0x0000000723800000|100%|HC|  |TAMS 0x0000000723600000| PB 0x0000000723600000| Complete 
|  22|0x0000000723800000, 0x0000000723a00000, 0x0000000723a00000|100%| O|  |TAMS 0x0000000723800000| PB 0x0000000723800000| Untracked 
|  23|0x0000000723a00000, 0x0000000723c00000, 0x0000000723c00000|100%| O|Cm|TAMS 0x0000000723a00000| PB 0x0000000723a00000| Complete 
|  24|0x0000000723c00000, 0x0000000723e00000, 0x0000000723e00000|100%|HS|  |TAMS 0x0000000723c00000| PB 0x0000000723c00000| Complete 
|  25|0x0000000723e00000, 0x0000000724000000, 0x0000000724000000|100%|HS|  |TAMS 0x0000000723e00000| PB 0x0000000723e00000| Complete 
|  26|0x0000000724000000, 0x0000000724200000, 0x0000000724200000|100%|HS|  |TAMS 0x0000000724000000| PB 0x0000000724000000| Complete 
|  27|0x0000000724200000, 0x0000000724400000, 0x0000000724400000|100%|HS|  |TAMS 0x0000000724200000| PB 0x0000000724200000| Complete 
|  28|0x0000000724400000, 0x0000000724600000, 0x0000000724600000|100%|HS|  |TAMS 0x0000000724400000| PB 0x0000000724400000| Complete 
|  29|0x0000000724600000, 0x0000000724800000, 0x0000000724800000|100%| O|  |TAMS 0x0000000724600000| PB 0x0000000724600000| Untracked 
|  30|0x0000000724800000, 0x00000007249aa1c0, 0x0000000724a00000| 83%| O|  |TAMS 0x0000000724800000| PB 0x0000000724800000| Untracked 
|  31|0x0000000724a00000, 0x0000000724c00000, 0x0000000724c00000|100%|HS|  |TAMS 0x0000000724a00000| PB 0x0000000724a00000| Complete 
|  32|0x0000000724c00000, 0x0000000724e00000, 0x0000000724e00000|100%|HS|  |TAMS 0x0000000724c00000| PB 0x0000000724c00000| Complete 
|  33|0x0000000724e00000, 0x0000000725000000, 0x0000000725000000|100%|HS|  |TAMS 0x0000000724e00000| PB 0x0000000724e00000| Complete 
|  34|0x0000000725000000, 0x0000000725200000, 0x0000000725200000|100%|HS|  |TAMS 0x0000000725000000| PB 0x0000000725000000| Complete 
|  35|0x0000000725200000, 0x0000000725400000, 0x0000000725400000|100%|HS|  |TAMS 0x0000000725200000| PB 0x0000000725200000| Complete 
|  36|0x0000000725400000, 0x0000000725600000, 0x0000000725600000|100%|HS|  |TAMS 0x0000000725400000| PB 0x0000000725400000| Complete 
|  37|0x0000000725600000, 0x0000000725800000, 0x0000000725800000|100%|HS|  |TAMS 0x0000000725600000| PB 0x0000000725600000| Complete 
|  38|0x0000000725800000, 0x0000000725800000, 0x0000000725a00000|  0%| F|  |TAMS 0x0000000725800000| PB 0x0000000725800000| Untracked 
|  39|0x0000000725a00000, 0x0000000725a00000, 0x0000000725c00000|  0%| F|  |TAMS 0x0000000725a00000| PB 0x0000000725a00000| Untracked 
|  40|0x0000000725c00000, 0x0000000725c6b8c0, 0x0000000725e00000| 21%| S|CS|TAMS 0x0000000725c00000| PB 0x0000000725c00000| Complete 
|  41|0x0000000725e00000, 0x0000000726000000, 0x0000000726000000|100%| S|CS|TAMS 0x0000000725e00000| PB 0x0000000725e00000| Complete 
|  42|0x0000000726000000, 0x0000000726000000, 0x0000000726200000|  0%| F|  |TAMS 0x0000000726000000| PB 0x0000000726000000| Untracked 
|  43|0x0000000726200000, 0x0000000726200000, 0x0000000726400000|  0%| F|  |TAMS 0x0000000726200000| PB 0x0000000726200000| Untracked 
|  44|0x0000000726400000, 0x0000000726400000, 0x0000000726600000|  0%| F|  |TAMS 0x0000000726400000| PB 0x0000000726400000| Untracked 
|  45|0x0000000726600000, 0x0000000726600000, 0x0000000726800000|  0%| F|  |TAMS 0x0000000726600000| PB 0x0000000726600000| Untracked 
|  46|0x0000000726800000, 0x0000000726800000, 0x0000000726a00000|  0%| F|  |TAMS 0x0000000726800000| PB 0x0000000726800000| Untracked 
|  47|0x0000000726a00000, 0x0000000726a00000, 0x0000000726c00000|  0%| F|  |TAMS 0x0000000726a00000| PB 0x0000000726a00000| Untracked 
|  48|0x0000000726c00000, 0x0000000726c00000, 0x0000000726e00000|  0%| F|  |TAMS 0x0000000726c00000| PB 0x0000000726c00000| Untracked 
|  49|0x0000000726e00000, 0x0000000726ef3248, 0x0000000727000000| 47%| E|  |TAMS 0x0000000726e00000| PB 0x0000000726e00000| Complete 
|  50|0x0000000727000000, 0x0000000727200000, 0x0000000727200000|100%| E|CS|TAMS 0x0000000727000000| PB 0x0000000727000000| Complete 
|  51|0x0000000727200000, 0x0000000727400000, 0x0000000727400000|100%| E|CS|TAMS 0x0000000727200000| PB 0x0000000727200000| Complete 
|  52|0x0000000727400000, 0x0000000727600000, 0x0000000727600000|100%| E|CS|TAMS 0x0000000727400000| PB 0x0000000727400000| Complete 
|  53|0x0000000727600000, 0x0000000727800000, 0x0000000727800000|100%| E|CS|TAMS 0x0000000727600000| PB 0x0000000727600000| Complete 
|  54|0x0000000727800000, 0x0000000727a00000, 0x0000000727a00000|100%| E|CS|TAMS 0x0000000727800000| PB 0x0000000727800000| Complete 
|  55|0x0000000727a00000, 0x0000000727c00000, 0x0000000727c00000|100%| E|CS|TAMS 0x0000000727a00000| PB 0x0000000727a00000| Complete 
|  56|0x0000000727c00000, 0x0000000727e00000, 0x0000000727e00000|100%| E|CS|TAMS 0x0000000727c00000| PB 0x0000000727c00000| Complete 
|  57|0x0000000727e00000, 0x0000000728000000, 0x0000000728000000|100%| E|CS|TAMS 0x0000000727e00000| PB 0x0000000727e00000| Complete 
|  58|0x0000000728000000, 0x0000000728200000, 0x0000000728200000|100%| E|CS|TAMS 0x0000000728000000| PB 0x0000000728000000| Complete 
|  59|0x0000000728200000, 0x0000000728400000, 0x0000000728400000|100%| E|CS|TAMS 0x0000000728200000| PB 0x0000000728200000| Complete 
|  60|0x0000000728400000, 0x0000000728600000, 0x0000000728600000|100%| E|CS|TAMS 0x0000000728400000| PB 0x0000000728400000| Complete 
|  61|0x0000000728600000, 0x0000000728800000, 0x0000000728800000|100%| E|CS|TAMS 0x0000000728600000| PB 0x0000000728600000| Complete 
|  62|0x0000000728800000, 0x0000000728a00000, 0x0000000728a00000|100%| E|CS|TAMS 0x0000000728800000| PB 0x0000000728800000| Complete 
|  63|0x0000000728a00000, 0x0000000728c00000, 0x0000000728c00000|100%| E|CS|TAMS 0x0000000728a00000| PB 0x0000000728a00000| Complete 
|  64|0x0000000728c00000, 0x0000000728e00000, 0x0000000728e00000|100%| E|CS|TAMS 0x0000000728c00000| PB 0x0000000728c00000| Complete 
|  65|0x0000000728e00000, 0x0000000729000000, 0x0000000729000000|100%| E|CS|TAMS 0x0000000728e00000| PB 0x0000000728e00000| Complete 
|  66|0x0000000729000000, 0x0000000729200000, 0x0000000729200000|100%| E|  |TAMS 0x0000000729000000| PB 0x0000000729000000| Complete 
|  67|0x0000000729200000, 0x0000000729400000, 0x0000000729400000|100%| E|CS|TAMS 0x0000000729200000| PB 0x0000000729200000| Complete 
|  68|0x0000000729400000, 0x0000000729600000, 0x0000000729600000|100%| E|CS|TAMS 0x0000000729400000| PB 0x0000000729400000| Complete 
|  69|0x0000000729600000, 0x0000000729800000, 0x0000000729800000|100%| E|CS|TAMS 0x0000000729600000| PB 0x0000000729600000| Complete 
|  70|0x0000000729800000, 0x0000000729a00000, 0x0000000729a00000|100%| E|CS|TAMS 0x0000000729800000| PB 0x0000000729800000| Complete 
|  71|0x0000000729a00000, 0x0000000729c00000, 0x0000000729c00000|100%| E|CS|TAMS 0x0000000729a00000| PB 0x0000000729a00000| Complete 
|  72|0x0000000729c00000, 0x0000000729e00000, 0x0000000729e00000|100%| E|CS|TAMS 0x0000000729c00000| PB 0x0000000729c00000| Complete 
|  73|0x0000000729e00000, 0x000000072a000000, 0x000000072a000000|100%| E|CS|TAMS 0x0000000729e00000| PB 0x0000000729e00000| Complete 
|  93|0x000000072c600000, 0x000000072c800000, 0x000000072c800000|100%| E|CS|TAMS 0x000000072c600000| PB 0x000000072c600000| Complete 
|  94|0x000000072c800000, 0x000000072ca00000, 0x000000072ca00000|100%| E|CS|TAMS 0x000000072c800000| PB 0x000000072c800000| Complete 
|  95|0x000000072ca00000, 0x000000072cc00000, 0x000000072cc00000|100%| E|CS|TAMS 0x000000072ca00000| PB 0x000000072ca00000| Complete 
| 111|0x000000072ea00000, 0x000000072ec00000, 0x000000072ec00000|100%| E|CS|TAMS 0x000000072ea00000| PB 0x000000072ea00000| Complete 
|1775|0x00000007fea00000, 0x00000007fec00000, 0x00000007fec00000|100%| O|  |TAMS 0x00000007fea00000| PB 0x00000007fea00000| Untracked 
|1776|0x00000007fec00000, 0x00000007fee00000, 0x00000007fee00000|100%| O|Cm|TAMS 0x00000007fec00000| PB 0x00000007fec00000| Complete 
|1777|0x00000007fee00000, 0x00000007ff000000, 0x00000007ff000000|100%| O|Cm|TAMS 0x00000007fee00000| PB 0x00000007fee00000| Complete 
|1778|0x00000007ff000000, 0x00000007ff200000, 0x00000007ff200000|100%| O|Cm|TAMS 0x00000007ff000000| PB 0x00000007ff000000| Complete 
|1779|0x00000007ff200000, 0x00000007ff400000, 0x00000007ff400000|100%| O|  |TAMS 0x00000007ff200000| PB 0x00000007ff200000| Untracked 
|1780|0x00000007ff400000, 0x00000007ff600000, 0x00000007ff600000|100%| O|Cm|TAMS 0x00000007ff400000| PB 0x00000007ff400000| Complete 
|1781|0x00000007ff600000, 0x00000007ff800000, 0x00000007ff800000|100%| O|Cm|TAMS 0x00000007ff600000| PB 0x00000007ff600000| Complete 
|1782|0x00000007ff800000, 0x00000007ffa00000, 0x00000007ffa00000|100%| O|Cm|TAMS 0x00000007ff800000| PB 0x00000007ff800000| Complete 
|1783|0x00000007ffa00000, 0x00000007ffc00000, 0x00000007ffc00000|100%| O|Cm|TAMS 0x00000007ffa00000| PB 0x00000007ffa00000| Complete 
|1784|0x00000007ffc00000, 0x00000007ffe00000, 0x00000007ffe00000|100%| O|Cm|TAMS 0x00000007ffc00000| PB 0x00000007ffc00000| Complete 
|1785|0x00000007ffe00000, 0x0000000800000000, 0x0000000800000000|100%| O|  |TAMS 0x00000007ffe00000| PB 0x00000007ffe00000| Untracked 

Card table byte_map: [0x0000028c68330000,0x0000028c68a30000] _byte_map_base: 0x0000028c64a2a000

Marking Bits: (CMBitMap*) 0x0000028c504b46f0
 Bits: [0x0000028c68a30000, 0x0000028c6c200000)

Polling page: 0x0000028c4e370000

Metaspace:

Usage:
  Non-class:     32.64 MB used.
      Class:      4.09 MB used.
       Both:     36.73 MB used.

Virtual space:
  Non-class space:       64.00 MB reserved,      33.00 MB ( 52%) committed,  1 nodes.
      Class space:        1.00 GB reserved,       4.38 MB ( <1%) committed,  1 nodes.
             Both:        1.06 GB reserved,      37.38 MB (  3%) committed. 

Chunk freelists:
   Non-Class:  14.58 MB
       Class:  11.67 MB
        Both:  26.25 MB

MaxMetaspaceSize: unlimited
CompressedClassSpaceSize: 1.00 GB
Initial GC threshold: 21.00 MB
Current GC threshold: 56.56 MB
CDS: on
 - commit_granule_bytes: 65536.
 - commit_granule_words: 8192.
 - virtual_space_node_default_size: 8388608.
 - enlarge_chunks_in_place: 1.
 - use_allocation_guard: 0.


Internal statistics:

num_allocs_failed_limit: 3.
num_arena_births: 580.
num_arena_deaths: 0.
num_vsnodes_births: 2.
num_vsnodes_deaths: 0.
num_space_committed: 598.
num_space_uncommitted: 0.
num_chunks_returned_to_freelist: 3.
num_chunks_taken_from_freelist: 2002.
num_chunk_merges: 3.
num_chunk_splits: 1404.
num_chunks_enlarged: 1058.
num_inconsistent_stats: 0.

CodeHeap 'non-profiled nmethods': size=120000Kb used=5736Kb max_used=5803Kb free=114263Kb
 bounds [0x0000028c603d0000, 0x0000028c60990000, 0x0000028c67900000]
CodeHeap 'profiled nmethods': size=120000Kb used=20904Kb max_used=21672Kb free=99095Kb
 bounds [0x0000028c58900000, 0x0000028c59e40000, 0x0000028c5fe30000]
CodeHeap 'non-nmethods': size=5760Kb used=1506Kb max_used=1586Kb free=4253Kb
 bounds [0x0000028c5fe30000, 0x0000028c600a0000, 0x0000028c603d0000]
 total_blobs=9720 nmethods=9139 adapters=484
 compilation: enabled
              stopped_count=0, restarted_count=0
 full_count=0

Compilation events (20 events):
Event: 24.403 Thread 0x0000028c6ec6c450 9976       3       org.apache.maven.model.merge.MavenModelMerger::mergeDistributionManagement_Site (92 bytes)
Event: 24.404 Thread 0x0000028c6ec6c450 nmethod 9976 0x0000028c58ed3f90 code [0x0000028c58ed41c0, 0x0000028c58ed4980]
Event: 24.414 Thread 0x0000028c6ec6c450 9977       3       org.eclipse.aether.util.graph.manager.ClassicDependencyManager::deriveChildManager (470 bytes)
Event: 24.418 Thread 0x0000028c6ec6c450 nmethod 9977 0x0000028c58ec2290 code [0x0000028c58ec2760, 0x0000028c58ec52e8]
Event: 24.418 Thread 0x0000028c6ec59610 nmethod 9973 0x0000028c6057e590 code [0x0000028c6057e800, 0x0000028c6057fb48]
Event: 24.445 Thread 0x0000028c6ec6c450 9978       3       org.apache.maven.model.building.DefaultModelBuilder$$Lambda/0x0000028c011b7500::accept (24 bytes)
Event: 24.446 Thread 0x0000028c6ec6c450 nmethod 9978 0x0000028c58cd2290 code [0x0000028c58cd2440, 0x0000028c58cd26a8]
Event: 24.449 Thread 0x0000028c6ec6c450 9979       3       org.apache.maven.model.building.DefaultModelBuilder$$Lambda/0x0000028c011bf9d0::<init> (10 bytes)
Event: 24.449 Thread 0x0000028c6ec6c450 nmethod 9979 0x0000028c58a67190 code [0x0000028c58a67340, 0x0000028c58a67500]
Event: 24.450 Thread 0x0000028c6ec6c450 9980       3       org.apache.maven.model.building.DefaultModelBuilder$$Lambda/0x0000028c011bfbe8::<init> (10 bytes)
Event: 24.451 Thread 0x0000028c6ec6c450 nmethod 9980 0x0000028c58a66d90 code [0x0000028c58a66f40, 0x0000028c58a67100]
Event: 24.451 Thread 0x0000028c6ec6c450 9981       3       org.apache.maven.model.building.DefaultModelBuilder$$Lambda/0x0000028c011bf9d0::apply (9 bytes)
Event: 24.451 Thread 0x0000028c6ec6c450 nmethod 9981 0x0000028c58ed3b10 code [0x0000028c58ed3cc0, 0x0000028c58ed3e98]
Event: 24.452 Thread 0x0000028c6ec6c450 9982       3       org.apache.maven.model.building.DefaultModelBuilder$$Lambda/0x0000028c011bfbe8::accept (12 bytes)
Event: 24.452 Thread 0x0000028c6ec6c450 nmethod 9982 0x0000028c58ed3610 code [0x0000028c58ed37c0, 0x0000028c58ed3a50]
Event: 24.453 Thread 0x0000028c6ec6c450 9983   !   3       org.apache.maven.model.profile.activation.JdkVersionProfileActivator::isActive (248 bytes)
Event: 24.456 Thread 0x0000028c6ec6c450 nmethod 9983 0x0000028c58b3ca90 code [0x0000028c58b3cfa0, 0x0000028c58b3ec88]
Event: 24.471 Thread 0x0000028c6ec59610 9984       4       sun.nio.cs.StreamDecoder::lockedRead (189 bytes)
Event: 24.498 Thread 0x0000028c6ec6c450 9985       1       org.apache.maven.model.ReportSet::setReports (6 bytes)
Event: 24.498 Thread 0x0000028c6ec6c450 nmethod 9985 0x0000028c604f7c90 code [0x0000028c604f7e20, 0x0000028c604f7f38]

GC Heap History (18 events):
Event: 5.231 GC heap before
{Heap before GC invocations=0 (full 0):
 garbage-first heap   total 229376K, used 22528K [0x0000000720c00000, 0x0000000800000000)
  region size 2048K, 11 young (22528K), 0 survivors (0K)
 Metaspace       used 5668K, committed 5888K, reserved 1114112K
  class space    used 655K, committed 768K, reserved 1048576K
}
Event: 5.237 GC heap after
{Heap after GC invocations=1 (full 0):
 garbage-first heap   total 229376K, used 4108K [0x0000000720c00000, 0x0000000800000000)
  region size 2048K, 2 young (4096K), 2 survivors (4096K)
 Metaspace       used 5668K, committed 5888K, reserved 1114112K
  class space    used 655K, committed 768K, reserved 1048576K
}
Event: 6.201 GC heap before
{Heap before GC invocations=1 (full 0):
 garbage-first heap   total 229376K, used 36876K [0x0000000720c00000, 0x0000000800000000)
  region size 2048K, 18 young (36864K), 2 survivors (4096K)
 Metaspace       used 10466K, committed 10688K, reserved 1114112K
  class space    used 1236K, committed 1344K, reserved 1048576K
}
Event: 6.206 GC heap after
{Heap after GC invocations=2 (full 0):
 garbage-first heap   total 229376K, used 5777K [0x0000000720c00000, 0x0000000800000000)
  region size 2048K, 2 young (4096K), 2 survivors (4096K)
 Metaspace       used 10466K, committed 10688K, reserved 1114112K
  class space    used 1236K, committed 1344K, reserved 1048576K
}
Event: 9.547 GC heap before
{Heap before GC invocations=2 (full 0):
 garbage-first heap   total 229376K, used 138897K [0x0000000720c00000, 0x0000000800000000)
  region size 2048K, 67 young (137216K), 2 survivors (4096K)
 Metaspace       used 17774K, committed 18048K, reserved 1114112K
  class space    used 1991K, committed 2112K, reserved 1048576K
}
Event: 9.565 GC heap after
{Heap after GC invocations=3 (full 0):
 garbage-first heap   total 229376K, used 16639K [0x0000000720c00000, 0x0000000800000000)
  region size 2048K, 7 young (14336K), 7 survivors (14336K)
 Metaspace       used 17774K, committed 18048K, reserved 1114112K
  class space    used 1991K, committed 2112K, reserved 1048576K
}
Event: 10.394 GC heap before
{Heap before GC invocations=3 (full 0):
 garbage-first heap   total 229376K, used 55551K [0x0000000720c00000, 0x0000000800000000)
  region size 2048K, 23 young (47104K), 7 survivors (14336K)
 Metaspace       used 21184K, committed 21504K, reserved 1114112K
  class space    used 2390K, committed 2560K, reserved 1048576K
}
Event: 10.409 GC heap after
{Heap after GC invocations=4 (full 0):
 garbage-first heap   total 229376K, used 29749K [0x0000000720c00000, 0x0000000800000000)
  region size 2048K, 3 young (6144K), 3 survivors (6144K)
 Metaspace       used 21184K, committed 21504K, reserved 1114112K
  class space    used 2390K, committed 2560K, reserved 1048576K
}
Event: 12.690 GC heap before
{Heap before GC invocations=5 (full 0):
 garbage-first heap   total 110592K, used 109621K [0x0000000720c00000, 0x0000000800000000)
  region size 2048K, 42 young (86016K), 3 survivors (6144K)
 Metaspace       used 27624K, committed 27968K, reserved 1114112K
  class space    used 3063K, committed 3200K, reserved 1048576K
}
Event: 12.726 GC heap after
{Heap after GC invocations=6 (full 0):
 garbage-first heap   total 137216K, used 46618K [0x0000000720c00000, 0x0000000800000000)
  region size 2048K, 9 young (18432K), 9 survivors (18432K)
 Metaspace       used 27624K, committed 27968K, reserved 1114112K
  class space    used 3063K, committed 3200K, reserved 1048576K
}
Event: 15.331 GC heap before
{Heap before GC invocations=6 (full 0):
 garbage-first heap   total 137216K, used 110106K [0x0000000720c00000, 0x0000000800000000)
  region size 2048K, 40 young (81920K), 9 survivors (18432K)
 Metaspace       used 30190K, committed 30656K, reserved 1114112K
  class space    used 3358K, committed 3584K, reserved 1048576K
}
Event: 15.357 GC heap after
{Heap after GC invocations=7 (full 0):
 garbage-first heap   total 137216K, used 50019K [0x0000000720c00000, 0x0000000800000000)
  region size 2048K, 2 young (4096K), 2 survivors (4096K)
 Metaspace       used 30190K, committed 30656K, reserved 1114112K
  class space    used 3358K, committed 3584K, reserved 1048576K
}
Event: 18.768 GC heap before
{Heap before GC invocations=7 (full 0):
 garbage-first heap   total 137216K, used 113507K [0x0000000720c00000, 0x0000000800000000)
  region size 2048K, 33 young (67584K), 2 survivors (4096K)
 Metaspace       used 32662K, committed 33216K, reserved 1114112K
  class space    used 3621K, committed 3904K, reserved 1048576K
}
Event: 18.779 GC heap after
{Heap after GC invocations=8 (full 0):
 garbage-first heap   total 137216K, used 52123K [0x0000000720c00000, 0x0000000800000000)
  region size 2048K, 3 young (6144K), 3 survivors (6144K)
 Metaspace       used 32662K, committed 33216K, reserved 1114112K
  class space    used 3621K, committed 3904K, reserved 1048576K
}
Event: 20.210 GC heap before
{Heap before GC invocations=8 (full 0):
 garbage-first heap   total 137216K, used 117659K [0x0000000720c00000, 0x0000000800000000)
  region size 2048K, 34 young (69632K), 3 survivors (6144K)
 Metaspace       used 32728K, committed 33344K, reserved 1114112K
  class space    used 3623K, committed 3904K, reserved 1048576K
}
Event: 20.246 GC heap after
{Heap after GC invocations=9 (full 0):
 garbage-first heap   total 151552K, used 80372K [0x0000000720c00000, 0x0000000800000000)
  region size 2048K, 5 young (10240K), 5 survivors (10240K)
 Metaspace       used 32728K, committed 33344K, reserved 1114112K
  class space    used 3623K, committed 3904K, reserved 1048576K
}
Event: 22.097 GC heap before
{Heap before GC invocations=9 (full 0):
 garbage-first heap   total 151552K, used 123380K [0x0000000720c00000, 0x0000000800000000)
  region size 2048K, 26 young (53248K), 5 survivors (10240K)
 Metaspace       used 34145K, committed 34752K, reserved 1114112K
  class space    used 3787K, committed 4096K, reserved 1048576K
}
Event: 22.110 GC heap after
{Heap after GC invocations=10 (full 0):
 garbage-first heap   total 182272K, used 77910K [0x0000000720c00000, 0x0000000800000000)
  region size 2048K, 2 young (4096K), 2 survivors (4096K)
 Metaspace       used 34145K, committed 34752K, reserved 1114112K
  class space    used 3787K, committed 4096K, reserved 1048576K
}

Dll operation events (8 events):
Event: 0.013 Loaded shared library C:\Program Files\Java\latest\jdk-21\bin\java.dll
Event: 0.065 Loaded shared library C:\Program Files\Java\latest\jdk-21\bin\jsvml.dll
Event: 0.089 Loaded shared library C:\Program Files\Java\latest\jdk-21\bin\net.dll
Event: 0.093 Loaded shared library C:\Program Files\Java\latest\jdk-21\bin\nio.dll
Event: 0.111 Loaded shared library C:\Program Files\Java\latest\jdk-21\bin\zip.dll
Event: 4.004 Loaded shared library C:\Program Files\Java\latest\jdk-21\bin\jimage.dll
Event: 4.057 Loaded shared library C:\maven\lib\jansi-native\Windows\x86_64\jansi.dll
Event: 4.078 Loaded shared library C:\Program Files\Java\latest\jdk-21\bin\verify.dll

Deoptimization events (20 events):
Event: 23.970 Thread 0x0000028c73f30db0 Uncommon trap: reason=null_check action=make_not_entrant pc=0x0000028c6078c924 method=sun.nio.fs.NativeBuffers.getNativeBufferFromCache(I)Lsun/nio/fs/NativeBuffer; @ 6 c2
Event: 23.970 Thread 0x0000028c73f30db0 DEOPT PACKING pc=0x0000028c6078c924 sp=0x000000d6559feb40
Event: 23.970 Thread 0x0000028c73f30db0 DEOPT UNPACKING pc=0x0000028c5fe846a2 sp=0x000000d6559feaf8 mode 2
Event: 23.971 Thread 0x0000028c73f30db0 Uncommon trap: trap_request=0xfffffff4 fr.pc=0x0000028c60787d18 relative=0x0000000000000338
Event: 23.971 Thread 0x0000028c73f30db0 Uncommon trap: reason=null_check action=make_not_entrant pc=0x0000028c60787d18 method=sun.nio.fs.NativeBuffers.releaseNativeBuffer(Lsun/nio/fs/NativeBuffer;)V @ 6 c2
Event: 23.971 Thread 0x0000028c73f30db0 DEOPT PACKING pc=0x0000028c60787d18 sp=0x000000d6559febd0
Event: 23.971 Thread 0x0000028c73f30db0 DEOPT UNPACKING pc=0x0000028c5fe846a2 sp=0x000000d6559feb80 mode 2
Event: 23.971 Thread 0x0000028c75919600 DEOPT UNPACKING pc=0x0000028c5fe846a2 sp=0x000000d6558fee88 mode 2
Event: 23.978 Thread 0x0000028c75919600 Uncommon trap: trap_request=0xffffff45 fr.pc=0x0000028c6042522c relative=0x000000000000018c
Event: 23.978 Thread 0x0000028c75919600 Uncommon trap: reason=unstable_if action=reinterpret pc=0x0000028c6042522c method=java.util.concurrent.locks.ReentrantLock$NonfairSync.initialTryLock()Z @ 25 c2
Event: 23.986 Thread 0x0000028c75919600 DEOPT PACKING pc=0x0000028c6042522c sp=0x000000d6558fed60
Event: 23.986 Thread 0x0000028c75919600 DEOPT UNPACKING pc=0x0000028c5fe846a2 sp=0x000000d6558fed08 mode 2
Event: 24.010 Thread 0x0000028c76598270 Uncommon trap: trap_request=0xffffff45 fr.pc=0x0000028c60458ec4 relative=0x00000000000001a4
Event: 24.010 Thread 0x0000028c76598270 Uncommon trap: reason=unstable_if action=reinterpret pc=0x0000028c60458ec4 method=java.util.concurrent.locks.ReentrantLock$NonfairSync.initialTryLock()Z @ 25 c2
Event: 24.010 Thread 0x0000028c76598270 DEOPT PACKING pc=0x0000028c60458ec4 sp=0x000000d6557fefd0
Event: 24.010 Thread 0x0000028c76598270 DEOPT UNPACKING pc=0x0000028c5fe846a2 sp=0x000000d6557feeb8 mode 2
Event: 24.010 Thread 0x0000028c74197f10 Uncommon trap: trap_request=0xffffff45 fr.pc=0x0000028c60459320 relative=0x0000000000000180
Event: 24.010 Thread 0x0000028c74197f10 Uncommon trap: reason=unstable_if action=reinterpret pc=0x0000028c60459320 method=java.util.concurrent.locks.ReentrantLock$NonfairSync.initialTryLock()Z @ 25 c2
Event: 24.010 Thread 0x0000028c74197f10 DEOPT PACKING pc=0x0000028c60459320 sp=0x000000d6555fee10
Event: 24.010 Thread 0x0000028c74197f10 DEOPT UNPACKING pc=0x0000028c5fe846a2 sp=0x000000d6555fed58 mode 2

Classes loaded (20 events):
Event: 23.680 Loading class java/util/Vector$Itr
Event: 23.681 Loading class java/util/Vector$Itr done
Event: 23.888 Loading class java/util/Collections$UnmodifiableSortedMap
Event: 23.888 Loading class java/util/Collections$UnmodifiableSortedMap done
Event: 23.892 Loading class java/util/zip/Deflater
Event: 23.893 Loading class java/util/zip/Deflater done
Event: 23.896 Loading class java/util/zip/Deflater$DeflaterZStreamRef
Event: 23.896 Loading class java/util/zip/Deflater$DeflaterZStreamRef done
Event: 23.901 Loading class java/io/SequenceInputStream
Event: 23.901 Loading class java/io/SequenceInputStream done
Event: 23.963 Loading class java/util/concurrent/ThreadPoolExecutor$Worker
Event: 23.963 Loading class java/util/concurrent/ThreadPoolExecutor$Worker done
Event: 23.981 Loading class java/util/concurrent/ConcurrentLinkedQueue$Itr
Event: 23.981 Loading class java/util/concurrent/ConcurrentLinkedQueue$Itr done
Event: 23.990 Loading class java/nio/StringCharBuffer
Event: 23.990 Loading class java/nio/StringCharBuffer done
Event: 24.009 Loading class java/util/concurrent/ConcurrentLinkedDeque$Itr
Event: 24.009 Loading class java/util/concurrent/ConcurrentLinkedDeque$AbstractItr
Event: 24.009 Loading class java/util/concurrent/ConcurrentLinkedDeque$AbstractItr done
Event: 24.009 Loading class java/util/concurrent/ConcurrentLinkedDeque$Itr done

Classes unloaded (0 events):
No events

Classes redefined (0 events):
No events

Internal exceptions (20 events):
Event: 21.720 Thread 0x0000028c4e0a18c0 Exception <a 'sun/nio/fs/WindowsException'{0x00000007268b6c38}> (0x00000007268b6c38) 
thrown [s\open\src\hotspot\share\prims\jni.cpp, line 520]
Event: 21.721 Thread 0x0000028c4e0a18c0 Exception <a 'sun/nio/fs/WindowsException'{0x00000007268b76d8}> (0x00000007268b76d8) 
thrown [s\open\src\hotspot\share\prims\jni.cpp, line 520]
Event: 21.723 Thread 0x0000028c4e0a18c0 Exception <a 'sun/nio/fs/WindowsException'{0x00000007268d77c0}> (0x00000007268d77c0) 
thrown [s\open\src\hotspot\share\prims\jni.cpp, line 520]
Event: 21.724 Thread 0x0000028c4e0a18c0 Exception <a 'sun/nio/fs/WindowsException'{0x00000007268d81a8}> (0x00000007268d81a8) 
thrown [s\open\src\hotspot\share\prims\jni.cpp, line 520]
Event: 21.724 Thread 0x0000028c4e0a18c0 Exception <a 'sun/nio/fs/WindowsException'{0x00000007268d8c48}> (0x00000007268d8c48) 
thrown [s\open\src\hotspot\share\prims\jni.cpp, line 520]
Event: 21.730 Thread 0x0000028c4e0a18c0 Exception <a 'sun/nio/fs/WindowsException'{0x00000007269b6a28}> (0x00000007269b6a28) 
thrown [s\open\src\hotspot\share\prims\jni.cpp, line 520]
Event: 21.734 Thread 0x0000028c4e0a18c0 Exception <a 'sun/nio/fs/WindowsException'{0x00000007269cf3b0}> (0x00000007269cf3b0) 
thrown [s\open\src\hotspot\share\prims\jni.cpp, line 520]
Event: 21.740 Thread 0x0000028c4e0a18c0 Exception <a 'sun/nio/fs/WindowsException'{0x00000007269e92e0}> (0x00000007269e92e0) 
thrown [s\open\src\hotspot\share\prims\jni.cpp, line 520]
Event: 21.740 Thread 0x0000028c4e0a18c0 Exception <a 'sun/nio/fs/WindowsException'{0x00000007269e9a30}> (0x00000007269e9a30) 
thrown [s\open\src\hotspot\share\prims\jni.cpp, line 520]
Event: 21.741 Thread 0x0000028c4e0a18c0 Exception <a 'sun/nio/fs/WindowsException'{0x00000007269ea000}> (0x00000007269ea000) 
thrown [s\open\src\hotspot\share\prims\jni.cpp, line 520]
Event: 21.741 Thread 0x0000028c4e0a18c0 Exception <a 'sun/nio/fs/WindowsException'{0x00000007269ea720}> (0x00000007269ea720) 
thrown [s\open\src\hotspot\share\prims\jni.cpp, line 520]
Event: 21.741 Thread 0x0000028c4e0a18c0 Exception <a 'sun/nio/fs/WindowsException'{0x00000007269eae38}> (0x00000007269eae38) 
thrown [s\open\src\hotspot\share\prims\jni.cpp, line 520]
Event: 22.584 Thread 0x0000028c764e0dc0 Exception <a 'java/lang/NoSuchMethodError'{0x0000000729dff4f8}: 'java.lang.Object java.lang.invoke.DirectMethodHandle$Holder.invokeStatic(java.lang.Object, long, java.lang.Object)'> (0x0000000729dff4f8) 
thrown [s\open\src\hotspot\share\interpreter\linkResolver.cpp, line 773]
Event: 22.584 Thread 0x0000028c764e0dc0 Exception <a 'java/lang/NoSuchMethodError'{0x0000000729a02e40}: 'java.lang.Object java.lang.invoke.DirectMethodHandle$Holder.invokeStaticInit(java.lang.Object, long, java.lang.Object)'> (0x0000000729a02e40) 
thrown [s\open\src\hotspot\share\interpreter\linkResolver.cpp, line 773]
Event: 22.586 Thread 0x0000028c764e0dc0 Exception <a 'java/lang/NoSuchMethodError'{0x0000000729a08258}: 'java.lang.Object java.lang.invoke.DirectMethodHandle$Holder.newInvokeSpecial(java.lang.Object, long)'> (0x0000000729a08258) 
thrown [s\open\src\hotspot\share\interpreter\linkResolver.cpp, line 773]
Event: 22.591 Thread 0x0000028c764e0dc0 Exception <a 'java/lang/NoSuchMethodError'{0x0000000729a0ca00}: 'long java.lang.invoke.DirectMethodHandle$Holder.invokeInterface(java.lang.Object, java.lang.Object)'> (0x0000000729a0ca00) 
thrown [s\open\src\hotspot\share\interpreter\linkResolver.cpp, line 773]
Event: 22.592 Thread 0x0000028c764e0dc0 Exception <a 'java/lang/NoSuchMethodError'{0x0000000729a0fec8}: 'long java.lang.invoke.DelegatingMethodHandle$Holder.reinvoke_L(java.lang.Object, java.lang.Object)'> (0x0000000729a0fec8) 
thrown [s\open\src\hotspot\share\interpreter\linkResolver.cpp, line 773]
Event: 23.965 Thread 0x0000028c780bec40 Implicit null exception at 0x0000028c608d4f07 to 0x0000028c608d54cc
Event: 23.970 Thread 0x0000028c73f30db0 Implicit null exception at 0x0000028c6078c78f to 0x0000028c6078c914
Event: 23.971 Thread 0x0000028c73f30db0 Implicit null exception at 0x0000028c60787a8f to 0x0000028c60787d08

ZGC Phase Switch (0 events):
No events

VM Operations (20 events):
Event: 22.204 Executing VM operation: G1PauseCleanup
Event: 22.204 Executing VM operation: G1PauseCleanup done
Event: 22.516 Executing VM operation: HandshakeAllThreads (Deoptimize)
Event: 22.516 Executing VM operation: HandshakeAllThreads (Deoptimize) done
Event: 23.238 Executing VM operation: HandshakeAllThreads (Deoptimize)
Event: 23.238 Executing VM operation: HandshakeAllThreads (Deoptimize) done
Event: 23.238 Executing VM operation: Cleanup
Event: 23.238 Executing VM operation: Cleanup done
Event: 23.641 Executing VM operation: HandshakeAllThreads (Deoptimize)
Event: 23.641 Executing VM operation: HandshakeAllThreads (Deoptimize) done
Event: 23.890 Executing VM operation: HandshakeAllThreads (Deoptimize)
Event: 23.891 Executing VM operation: HandshakeAllThreads (Deoptimize) done
Event: 23.924 Executing VM operation: HandshakeAllThreads (Deoptimize)
Event: 23.924 Executing VM operation: HandshakeAllThreads (Deoptimize) done
Event: 23.995 Executing VM operation: HandshakeAllThreads (Deoptimize)
Event: 23.995 Executing VM operation: HandshakeAllThreads (Deoptimize) done
Event: 24.001 Executing VM operation: HandshakeAllThreads (Deoptimize)
Event: 24.001 Executing VM operation: HandshakeAllThreads (Deoptimize) done
Event: 24.291 Executing VM operation: ICBufferFull
Event: 24.291 Executing VM operation: ICBufferFull done

Events (20 events):
Event: 22.892 Thread 0x0000028c6ec68dd0 Thread exited: 0x0000028c6ec68dd0
Event: 23.068 Thread 0x0000028c6ec6afe0 Thread added: 0x0000028c6ec6afe0
Event: 23.964 Thread 0x0000028c780bec40 Thread added: 0x0000028c780bec40
Event: 23.965 Thread 0x0000028c74197f10 Thread added: 0x0000028c74197f10
Event: 23.966 Thread 0x0000028c75fa97a0 Thread added: 0x0000028c75fa97a0
Event: 23.966 Thread 0x0000028c76598270 Thread added: 0x0000028c76598270
Event: 23.967 Thread 0x0000028c75919600 Thread added: 0x0000028c75919600
Event: 23.967 Thread 0x0000028c73f30db0 Thread added: 0x0000028c73f30db0
Event: 23.968 Thread 0x0000028c73f33510 Thread added: 0x0000028c73f33510
Event: 23.968 Thread 0x0000028c73f31440 Thread added: 0x0000028c73f31440
Event: 24.007 Thread 0x0000028c6ec6a240 Thread added: 0x0000028c6ec6a240
Event: 24.010 Thread 0x0000028c73f31440 Thread exited: 0x0000028c73f31440
Event: 24.011 Thread 0x0000028c74197f10 Thread exited: 0x0000028c74197f10
Event: 24.011 Thread 0x0000028c76598270 Thread exited: 0x0000028c76598270
Event: 24.011 Thread 0x0000028c73f30db0 Thread exited: 0x0000028c73f30db0
Event: 24.011 Thread 0x0000028c73f33510 Thread exited: 0x0000028c73f33510
Event: 24.011 Thread 0x0000028c75fa97a0 Thread exited: 0x0000028c75fa97a0
Event: 24.011 Thread 0x0000028c780bec40 Thread exited: 0x0000028c780bec40
Event: 24.011 Thread 0x0000028c75919600 Thread exited: 0x0000028c75919600
Event: 24.498 Thread 0x0000028c6ec6a240 Thread exited: 0x0000028c6ec6a240


Dynamic libraries:
0x00007ff76af90000 - 0x00007ff76afa0000 	C:\Program Files\Java\latest\jdk-21\bin\java.exe
0x00007ffcc47a0000 - 0x00007ffcc4a07000 	C:\WINDOWS\SYSTEM32\ntdll.dll
0x00007ffcc3850000 - 0x00007ffcc3919000 	C:\WINDOWS\System32\KERNEL32.DLL
0x00007ffcc2070000 - 0x00007ffcc2467000 	C:\WINDOWS\System32\KERNELBASE.dll
0x00007ffcc1350000 - 0x00007ffcc149b000 	C:\WINDOWS\System32\ucrtbase.dll
0x00007ffc9b870000 - 0x00007ffc9b88e000 	C:\Program Files\Java\latest\jdk-21\bin\VCRUNTIME140.dll
0x00007ffc9b6c0000 - 0x00007ffc9b6d9000 	C:\Program Files\Java\latest\jdk-21\bin\jli.dll
0x00007ffcc3cf0000 - 0x00007ffcc3da6000 	C:\WINDOWS\System32\ADVAPI32.dll
0x00007ffcc3640000 - 0x00007ffcc36e9000 	C:\WINDOWS\System32\msvcrt.dll
0x00007ffcc2670000 - 0x00007ffcc2717000 	C:\WINDOWS\System32\sechost.dll
0x00007ffcc39c0000 - 0x00007ffcc3ad8000 	C:\WINDOWS\System32\RPCRT4.dll
0x00007ffcc2af0000 - 0x00007ffcc2cb6000 	C:\WINDOWS\System32\USER32.dll
0x00007ffcad190000 - 0x00007ffcad422000 	C:\WINDOWS\WinSxS\amd64_microsoft.windows.common-controls_6595b64144ccf1df_6.0.26100.8328_none_3e08182ce334b678\COMCTL32.dll
0x00007ffcc1550000 - 0x00007ffcc1577000 	C:\WINDOWS\System32\win32u.dll
0x00007ffcc3920000 - 0x00007ffcc394b000 	C:\WINDOWS\System32\GDI32.dll
0x00007ffcc1f40000 - 0x00007ffcc206c000 	C:\WINDOWS\System32\gdi32full.dll
0x00007ffcc14a0000 - 0x00007ffcc1543000 	C:\WINDOWS\System32\msvcp_win.dll
0x00007ffcb8110000 - 0x00007ffcb811b000 	C:\WINDOWS\SYSTEM32\VERSION.dll
0x00007ffcc2730000 - 0x00007ffcc2762000 	C:\WINDOWS\System32\IMM32.DLL
0x00007ffca22d0000 - 0x00007ffca22dc000 	C:\Program Files\Java\latest\jdk-21\bin\vcruntime140_1.dll
0x00007ffc8a640000 - 0x00007ffc8a6cd000 	C:\Program Files\Java\latest\jdk-21\bin\msvcp140.dll
0x00007ffbfb740000 - 0x00007ffbfc467000 	C:\Program Files\Java\latest\jdk-21\bin\server\jvm.dll
0x00007ffcc3b60000 - 0x00007ffcc3be0000 	C:\WINDOWS\System32\WS2_32.dll
0x00007ffcc1050000 - 0x00007ffcc10ae000 	C:\WINDOWS\SYSTEM32\POWRPROF.dll
0x00007ffcb82e0000 - 0x00007ffcb8316000 	C:\WINDOWS\SYSTEM32\WINMM.dll
0x00007ffcc1010000 - 0x00007ffcc1024000 	C:\WINDOWS\SYSTEM32\UMPDC.dll
0x00007ffcbff60000 - 0x00007ffcbff7b000 	C:\WINDOWS\SYSTEM32\kernel.appcore.dll
0x00007ffca2220000 - 0x00007ffca222a000 	C:\Program Files\Java\latest\jdk-21\bin\jimage.dll
0x00007ffcbf1f0000 - 0x00007ffcbf432000 	C:\WINDOWS\SYSTEM32\DBGHELP.DLL
0x00007ffcc32a0000 - 0x00007ffcc3623000 	C:\WINDOWS\System32\combase.dll
0x00007ffcc31c0000 - 0x00007ffcc3299000 	C:\WINDOWS\System32\OLEAUT32.dll
0x00007ffca4d80000 - 0x00007ffca4dbb000 	C:\WINDOWS\SYSTEM32\dbgcore.DLL
0x00007ffcc2470000 - 0x00007ffcc2518000 	C:\WINDOWS\System32\bcryptPrimitives.dll
0x00007ffc99070000 - 0x00007ffc99091000 	C:\Program Files\Java\latest\jdk-21\bin\java.dll
0x00007ffcc3fe0000 - 0x00007ffcc474e000 	C:\WINDOWS\System32\SHELL32.dll
0x00007ffcc1580000 - 0x00007ffcc1dec000 	C:\WINDOWS\System32\windows.storage.dll
0x00007ffcc3bf0000 - 0x00007ffcc3ce6000 	C:\WINDOWS\System32\SHCORE.dll
0x00007ffcc3f70000 - 0x00007ffcc3fd6000 	C:\WINDOWS\System32\shlwapi.dll
0x00007ffcc10f0000 - 0x00007ffcc1119000 	C:\WINDOWS\SYSTEM32\profapi.dll
0x00007ffc8da80000 - 0x00007ffc8db57000 	C:\Program Files\Java\latest\jdk-21\bin\jsvml.dll
0x00007ffca43b0000 - 0x00007ffca43c1000 	C:\Program Files\Java\latest\jdk-21\bin\net.dll
0x00007ffcb7d10000 - 0x00007ffcb7e39000 	C:\WINDOWS\SYSTEM32\WINHTTP.dll
0x00007ffcc04d0000 - 0x00007ffcc053c000 	C:\WINDOWS\system32\mswsock.dll
0x00007ffca3bc0000 - 0x00007ffca3bd6000 	C:\Program Files\Java\latest\jdk-21\bin\nio.dll
0x00007ffca3ba0000 - 0x00007ffca3bb8000 	C:\Program Files\Java\latest\jdk-21\bin\zip.dll
0x00007ffc9b690000 - 0x00007ffc9b6b4000 	C:\maven\lib\jansi-native\Windows\x86_64\jansi.dll
0x00007ffc9d830000 - 0x00007ffc9d840000 	C:\Program Files\Java\latest\jdk-21\bin\verify.dll
0x00007ffcc0080000 - 0x00007ffcc00b6000 	C:\WINDOWS\SYSTEM32\ntmarta.dll

dbghelp: loaded successfully - version: 4.0.5 - missing functions: none
symbol engine: initialized successfully - sym options: 0x614 - pdb path: .;C:\Program Files\Java\latest\jdk-21\bin;C:\WINDOWS\SYSTEM32;C:\WINDOWS\WinSxS\amd64_microsoft.windows.common-controls_6595b64144ccf1df_6.0.26100.8328_none_3e08182ce334b678;C:\Program Files\Java\latest\jdk-21\bin\server;C:\maven\lib\jansi-native\Windows\x86_64

VM Arguments:
jvm_args: -Dclassworlds.conf=C:\maven\bin\m2.conf -Dmaven.home=C:\maven -Dlibrary.jansi.path=C:\maven\lib\jansi-native -Dmaven.multiModuleProjectDirectory=C:\Users\celio\Desktop\Scania-DevOps\agro-sensores 
java_command: org.codehaus.plexus.classworlds.launcher.Launcher clean package -DskipTests
java_class_path (initial): C:\maven\boot\plexus-classworlds-2.8.0.jar
Launcher Type: SUN_STANDARD

[Global flags]
     intx CICompilerCount                          = 4                                         {product} {ergonomic}
     uint ConcGCThreads                            = 2                                         {product} {ergonomic}
     uint G1ConcRefinementThreads                  = 8                                         {product} {ergonomic}
   size_t G1HeapRegionSize                         = 2097152                                   {product} {ergonomic}
    uintx GCDrainStackTargetSize                   = 64                                        {product} {ergonomic}
   size_t InitialHeapSize                          = 234881024                                 {product} {ergonomic}
   size_t MarkStackSize                            = 4194304                                   {product} {ergonomic}
   size_t MaxHeapSize                              = 3745513472                                {product} {ergonomic}
   size_t MaxNewSize                               = 2246049792                                {product} {ergonomic}
   size_t MinHeapDeltaBytes                        = 2097152                                   {product} {ergonomic}
   size_t MinHeapSize                              = 8388608                                   {product} {ergonomic}
    uintx NonNMethodCodeHeapSize                   = 5839372                                {pd product} {ergonomic}
    uintx NonProfiledCodeHeapSize                  = 122909434                              {pd product} {ergonomic}
    uintx ProfiledCodeHeapSize                     = 122909434                              {pd product} {ergonomic}
    uintx ReservedCodeCacheSize                    = 251658240                              {pd product} {ergonomic}
     bool SegmentedCodeCache                       = true                                      {product} {ergonomic}
   size_t SoftMaxHeapSize                          = 3745513472                             {manageable} {ergonomic}
     bool UseCompressedOops                        = true                           {product lp64_product} {ergonomic}
     bool UseG1GC                                  = true                                      {product} {ergonomic}
     bool UseLargePagesIndividualAllocation        = false                                  {pd product} {ergonomic}

Logging:
Log output configuration:
 #0: stdout all=warning uptime,level,tags foldmultilines=false
 #1: stderr all=off uptime,level,tags foldmultilines=false

Environment Variables:
JAVA_HOME=C:\Program Files\Java\latest\jdk-21
PATH=C:\Program Files\Python313\Scripts\;C:\Program Files\Python313\;C:\Program Files\Common Files\Oracle\Java\javapath;C:\WINDOWS\system32;C:\WINDOWS;C:\WINDOWS\System32\Wbem;C:\WINDOWS\System32\WindowsPowerShell\v1.0\;C:\WINDOWS\System32\OpenSSH\;C:\Program Files\Microsoft SQL Server\Client SDK\ODBC\170\Tools\Binn\;C:\Program Files (x86)\Microsoft SQL Server\150\Tools\Binn\;C:\Program Files\Microsoft SQL Server\150\Tools\Binn\;C:\Program Files\Microsoft SQL Server\150\DTS\Binn\;C:\Program Files\Microsoft SQL Server\130\Tools\Binn\;C:\Program Files\dotnet\;C:\maven\bin;C:\instantclient_21_7;C:\Program Files\Python311;C:\Program Files\Python311\Scripts;C:\Program Files\Microsoft VS Code\bin;C:\dart-sdk\bin;C:\flutter\bin;C:\WINDOWS\system32;C:\WINDOWS;C:\WINDOWS\System32\Wbem;C:\WINDOWS\System32\WindowsPowerShell\v1.0\;C:\WINDOWS\System32\OpenSSH\;C:\Program Files (x86)\Microsoft SQL Server\160\DTS\Binn\;C:\Program Files\Git\cmd;C:\maven\bin;C:\Program Files (x86)\Microsoft SQL Server\160\Tools\Binn\;C:\Program Files\Microsoft SQL Server\160\Tools\Binn\;C:\Program Files\Microsoft SQL Server\160\DTS\Binn\;C:\Program Files\PostgreSQL\17\bin;C:\Program Files\OpenSSL-Win64\bin;C:\Program Files (x86)\Microsoft\Edge\Application;C:\Program Files\nodejs\;C:\Program Files\Docker\Docker\resources\bin;C:\Users\celio\AppData\Local\Android\Sdk\platform-tools;C:\Users\celio\AppData\Local\Android\Sdk\tools;C:\Users\celio\AppData\Local\Microsoft\WindowsApps;"C:\flutter\bin; C:\Windows\System32";C:\Program Files\Azure Data Studio\bin;C:\Users\celio\.dotnet\tools;C:\Program Files\JetBrains\IntelliJ IDEA Community Edition 2022.1.2\bin;;C:\Users\celio\AppData\Local\Muse Hub\lib;C:\Users\celio\AppData\Roaming\npm
USERNAME=celio
OS=Windows_NT
PROCESSOR_IDENTIFIER=AMD64 Family 23 Model 24 Stepping 1, AuthenticAMD
TMP=C:\Users\celio\AppData\Local\Temp
TEMP=C:\Users\celio\AppData\Local\Temp




Periodic native trim disabled

---------------  S Y S T E M  ---------------

OS:
 Windows 11 , 64 bit Build 26100 (10.0.26100.8328)
OS uptime: 0 days 1:32 hours
Hyper-V role detected

CPU: total 8 (initial active 8) (8 cores per cpu, 2 threads per core) family 23 model 24 stepping 1 microcode 0x8108109, cx8, cmov, fxsr, ht, mmx, 3dnowpref, sse, sse2, sse3, ssse3, sse4a, sse4.1, sse4.2, popcnt, lzcnt, tsc, tscinvbit, avx, avx2, aes, clmul, bmi1, bmi2, adx, sha, fma, vzeroupper, clflush, clflushopt, hv, rdtscp, f16c
Processor Information for all 8 processors :
  Max Mhz: 2300, Current Mhz: 2300, Mhz Limit: 2300

Memory: 4k page, system-wide physical 14280M (1035M free)
TotalPageFile size 18824M (AvailPageFile size 11M)
current process WorkingSet (physical memory assigned to process): 353M, peak: 353M
current process commit charge ("private bytes"): 385M, peak: 385M

vm_info: Java HotSpot(TM) 64-Bit Server VM (21.0.10+8-LTS-217) for windows-amd64 JRE (21.0.10+8-LTS-217), built on 2025-12-18T14:59:28Z by "mach5run" with MS VC++ 17.13 (VS2022)

END.
